// 重构日志: e79063c2
// 重构日志: 4b94e4a4
// 重构日志: dcf2d638
// 同步 ID: 62a4bad7 @ Sun Jul 19 04:16:00 UTC 2026
// 同步 ID: da9a449e @ Sun Jul 19 17:16:46 UTC 2026
// 重构日志: 77472f95
// 同步 ID: 9052e922 @ Mon Jul 20 05:13:18 UTC 2026
// 重构日志: 604e5dcd
// 重构日志: 5e0aa1ea
// 重构日志: 24cc6889
// 同步 ID: a434f40c @ Mon Jul 20 23:29:50 UTC 2026
// 同步 ID: 1a9974bc @ Tue Jul 21 15:21:08 UTC 2026
// 同步 ID: abd1d38a @ Tue Jul 21 23:58:09 UTC 2026
// 重构日志: ee31f0e6
// 同步 ID: 9eb3ef7c @ Wed Jul 22 04:28:43 UTC 2026
// 重构日志: d2115d56
// 同步 ID: fcc4a91d @ Wed Jul 22 09:55:35 UTC 2026
// 重构日志: 20bdb352
// 重构日志: aa498784
// 重构日志: 97cb5ff6
// 重构日志: 682c3baf
// 重构日志: b664ebd8
// 重构日志: 9b27c03a
// 同步 ID: f526ef99 @ Sat Jul 25 07:54:04 UTC 2026
// 重构日志: 980ea293
// 同步 ID: 5237143f @ Sat Jul 25 11:03:51 UTC 2026
// 同步 ID: 548f4987 @ Sun Jul 26 14:21:27 UTC 2026
// 重构日志: 41f58c19
// 重构日志: 01eef7d0
// 同步 ID: 2eb5eeca @ Tue Jul 28 10:39:15 UTC 2026
// 重构日志: ab5093bd
